node.exe : Browserslist: browsers data (caniuse-lite) is 11 months old. Please 
run:
所在位置 C:\nvm4w\nodejs\npm.ps1:32 字符: 3
+   & $nodeexe $npmprefixclijs $args
+   ~~~~~~~~~~~~~~~~~~~~~~~~~~~~~~~~
    + CategoryInfo          : NotSpecified: (Browserslist: b...ld. Please run: 
   :String) [], RemoteException
    + FullyQualifiedErrorId : NativeCommandError
 
  npx update-browserslist-db@latest
  Why you should do it regularly: https://github.com/browserslist/update-db#rea
dme
-  Building for development...
[BABEL] Note: The code generator has deoptimised the styling of D:\code\pca\nod
e_modules\@ps\pontosense-ui\dist\pontosense-ui.umd.min.js as it exceeds the max
 of 500KB.
 ERROR  Error: Build failed with errors.
Error: Build failed with errors.
    at D:\code\pca\node_modules\@vue\cli-service\lib\commands\build\index.js:20
7:23
    at D:\code\pca\node_modules\webpack\lib\webpack.js:172:8
    at D:\code\pca\node_modules\webpack\lib\HookWebpackError.js:68:2
    at Hook.eval [as callAsync] (eval at create (D:\code\pca\node_modules\tapab
le\lib\HookCodeFactory.js:31:10), <anonymous>:15:1)
    at Hook.CALL_ASYNC_DELEGATE [as _callAsync] (D:\code\pca\node_modules\tapab
le\lib\Hook.js:21:14)
    at Cache.shutdown (D:\code\pca\node_modules\webpack\lib\Cache.js:156:23)
    at D:\code\pca\node_modules\webpack\lib\Compiler.js:1406:15
    at Hook.eval [as callAsync] (eval at create (D:\code\pca\node_modules\tapab
le\lib\HookCodeFactory.js:31:10), <anonymous>:6:1)
    at Hook.CALL_ASYNC_DELEGATE [as _callAsync] (D:\code\pca\node_modules\tapab
le\lib\Hook.js:21:14)
    at Compiler.close (D:\code\pca\node_modules\webpack\lib\Compiler.js:1399:23
)
    at D:\code\pca\node_modules\webpack\lib\webpack.js:171:16
    at finalCallback (D:\code\pca\node_modules\webpack\lib\Compiler.js:521:32)
    at D:\code\pca\node_modules\webpack\lib\Compiler.js:599:17
    at D:\code\pca\node_modules\webpack\lib\HookWebpackError.js:68:2
    at Hook.eval [as callAsync] (eval at create (D:\code\pca\node_modules\tapab
le\lib\HookCodeFactory.js:31:10), <anonymous>:6:1)
    at Hook.CALL_ASYNC_DELEGATE [as _callAsync] (D:\code\pca\node_modules\tapab
le\lib\Hook.js:21:14)
    at Cache.storeBuildDependencies (D:\code\pca\node_modules\webpack\lib\Cache
.js:128:37)
    at D:\code\pca\node_modules\webpack\lib\Compiler.js:595:19
    at Hook.eval [as callAsync] (eval at create (D:\code\pca\node_modules\tapab
le\lib\HookCodeFactory.js:31:10), <anonymous>:24:1)
    at Hook.CALL_ASYNC_DELEGATE [as _callAsync] (D:\code\pca\node_modules\tapab
le\lib\Hook.js:21:14)
    at D:\code\pca\node_modules\webpack\lib\Compiler.js:591:23
    at Compiler.emitRecords (D:\code\pca\node_modules\webpack\lib\Compiler.js:1
068:4)
    at D:\code\pca\node_modules\webpack\lib\Compiler.js:581:11
    at D:\code\pca\node_modules\webpack\lib\Compiler.js:1031:14
    at Hook.eval [as callAsync] (eval at create (D:\code\pca\node_modules\tapab
le\lib\HookCodeFactory.js:31:10), <anonymous>:6:1)
    at Hook.CALL_ASYNC_DELEGATE [as _callAsync] (D:\code\pca\node_modules\tapab
le\lib\Hook.js:21:14)
    at D:\code\pca\node_modules\webpack\lib\Compiler.js:1028:27
    at D:\code\pca\node_modules\neo-async\async.js:2818:7
    at done (D:\code\pca\node_modules\neo-async\async.js:3522:9)
    at Hook.eval [as callAsync] (eval at create (D:\code\pca\node_modules\tapab
le\lib\HookCodeFactory.js:31:10), <anonymous>:6:1)
    at D:\code\pca\node_modules\webpack\lib\Compiler.js:857:33
    at D:\code\pca\node_modules\graceful-fs\graceful-fs.js:143:16
    at D:\code\pca\node_modules\graceful-fs\graceful-fs.js:61:14
    at FSReqCallback.oncomplete (node:fs:188:23)
